NEW SL/TP SEARCH USING HISTORICAL RR RATIOS
ranking_metric=net_R_descending
evaluation=scheduled strategy; current AVOID time slots, best weekdays, stop-day exclusions, excluded days of month, round-number filter, costs and one-position rule applied
ratio_sources=BUY/SELL requested combinations
candidate_stop_points=70..370 step 10
candidate_target_points=200..1000
spread_points=15.00,commission_percent_of_risk=5.8800,broker_fills=1,sl_tp_adjust=add
signals_long=7159,signals_short=6735,new_pairs_tested_per_side=70

BUY NEW SL/TP CANDIDATES (ranked by net_R):
rank,source_sl_tp,source_rr,sl_points,tp_points,actual_rr,entries,wins,losses,open,skipped,net_R,net_points,expectancy_points
1,220/800,3.636364,70,255,3.642857,2362,606,1756,0,475,312.6858,26578.30,11.25
2,70/400,5.714286,80,457,5.712500,2265,402,1863,0,593,300.2430,28523.09,12.59
3,220/800,3.636364,80,291,3.637500,2296,581,1715,0,548,263.3827,25021.36,10.90
4,70/300,4.285714,80,343,4.287500,2287,503,1784,0,562,238.1369,22623.01,9.89
5,70/300,4.285714,90,386,4.288889,2210,481,1729,0,642,204.0076,21420.79,9.69
6,220/800,3.636364,90,327,3.633333,2226,552,1674,0,620,200.7112,21074.68,9.47
7,220/800,3.636364,100,364,3.640000,2157,532,1625,0,695,184.6484,21234.57,9.84
8,70/300,4.285714,100,429,4.290000,2142,463,1679,0,718,181.3204,20851.85,9.73
9,70/600,8.571429,80,686,8.575000,2217,262,1955,0,671,161.2904,15322.59,6.91
10,70/300,4.285714,110,471,4.281818,2080,447,1633,0,784,158.6687,19833.59,9.54
11,70/400,5.714286,90,514,5.711111,2185,368,1817,0,681,156.2109,16402.14,7.51
12,220/800,3.636364,120,436,3.633333,2030,496,1534,0,835,148.7693,20083.86,9.89
13,70/400,5.714286,100,571,5.710000,2110,354,1756,0,767,141.2720,16246.28,7.70
14,220/800,3.636364,110,400,3.636364,2092,508,1584,0,764,140.2631,17532.89,8.38
15,70/600,8.571429,90,771,8.566667,2125,247,1878,0,774,113.0167,11866.75,5.58
16,70/300,4.285714,120,514,4.283333,2015,425,1590,0,862,111.9347,15111.18,7.50
17,220/800,3.636364,130,473,3.638462,1954,470,1484,0,915,111.1817,16121.35,8.25
18,70/400,5.714286,110,629,5.718182,2047,339,1708,0,843,110.1000,13762.50,6.72
19,70/400,5.714286,120,686,5.716667,1976,321,1655,0,929,63.8612,8621.26,4.36
20,220/800,3.636364,270,982,3.637037,830,202,628,0,1462,57.8775,16495.08,19.87
21,220/800,3.636364,140,509,3.635714,1890,444,1446,0,987,57.1251,8854.40,4.68
22,70/300,4.285714,130,557,4.284615,1936,395,1541,0,947,37.5863,5450.01,2.82
23,70/300,4.285714,140,600,4.285714,1872,377,1495,0,1023,10.6407,1649.31,0.88
24,270/300,1.111111,260,289,1.111538,1235,624,611,0,1632,9.9820,2745.05,2.22
25,270/300,1.111111,280,311,1.110714,1125,569,556,0,1753,9.8464,2904.70,2.58
26,270/300,1.111111,370,411,1.110811,626,316,310,0,2263,4.2074,1619.86,2.59
27,270/300,1.111111,290,322,1.110345,1061,534,527,0,1818,3.5373,1078.89,1.02
28,270/300,1.111111,240,267,1.112500,1363,684,679,0,1498,1.8056,460.43,0.34
29,270/300,1.111111,250,278,1.112000,1302,652,650,0,1563,-1.5336,-406.40,-0.31
30,70/300,4.285714,150,643,4.286667,1811,362,1449,0,1092,-3.7135,-612.72,-0.34
31,270/300,1.111111,200,222,1.110000,1612,807,805,0,1235,-4.0156,-863.35,-0.54
32,270/300,1.111111,360,400,1.111111,686,342,344,0,2205,-4.3368,-1626.30,-2.37
33,220/800,3.636364,170,618,3.635294,1696,386,1310,0,1204,-6.5013,-1202.74,-0.71
34,270/300,1.111111,350,389,1.111429,737,365,372,0,2151,-9.6642,-3527.42,-4.79
35,270/300,1.111111,230,256,1.113043,1426,709,717,0,1431,-11.7010,-2866.74,-2.01
36,270/300,1.111111,300,333,1.110000,1022,507,515,0,1860,-12.3236,-3881.93,-3.80
37,220/800,3.636364,180,655,3.638889,1639,371,1268,0,1273,-14.3454,-2797.36,-1.71
38,270/300,1.111111,210,233,1.109524,1552,772,780,0,1296,-14.7052,-3308.67,-2.13
39,70/600,8.571429,100,857,8.570000,2057,226,1831,0,867,-15.1316,-1740.13,-0.85
40,270/300,1.111111,190,211,1.110526,1679,835,844,0,1167,-15.4357,-3164.32,-1.88
41,270/300,1.111111,220,244,1.109091,1493,742,751,0,1360,-15.8429,-3723.09,-2.49
42,70/400,5.714286,130,743,5.715385,1900,297,1603,0,1016,-17.2508,-2501.36,-1.32
43,270/300,1.111111,340,378,1.111765,791,388,403,0,2090,-18.1461,-6441.86,-8.14
44,270/300,1.111111,310,344,1.109677,981,483,498,0,1901,-19.7086,-6405.30,-6.53
45,270/300,1.111111,180,200,1.111111,1738,860,878,0,1107,-24.6388,-4804.57,-2.76
46,270/300,1.111111,330,367,1.112121,846,409,437,0,2029,-31.8872,-11001.09,-13.00
47,270/300,1.111111,320,356,1.112500,910,441,469,0,1970,-31.8955,-10684.99,-11.74
48,220/800,3.636364,150,545,3.633333,1828,410,1418,0,1060,-35.8197,-5910.26,-3.23
49,220/800,3.636364,260,945,3.634615,1142,252,890,0,1841,-41.2265,-11337.29,-9.93
50,220/800,3.636364,160,582,3.637500,1756,391,1365,0,1137,-45.9903,-8048.30,-4.58
51,70/600,8.571429,110,943,8.572727,1989,215,1774,0,964,-47.8168,-5977.10,-3.01
52,70/400,5.714286,140,800,5.714286,1828,281,1547,0,1104,-48.7721,-7559.68,-4.14
53,70/300,4.285714,160,686,4.287500,1738,338,1400,0,1178,-53.0194,-9278.40,-5.34
54,220/800,3.636364,190,691,3.636842,1579,349,1230,0,1348,-53.5873,-10985.40,-6.96
55,70/300,4.285714,190,814,4.284211,1551,300,1251,0,1393,-56.9356,-11671.81,-7.53
56,220/800,3.636364,240,873,3.637500,1261,275,986,0,1703,-59.8343,-15257.75,-12.10
57,220/800,3.636364,230,836,3.634783,1322,289,1033,0,1632,-60.2814,-14768.95,-11.17
58,70/800,11.428571,80,914,11.425000,2171,180,1991,0,765,-62.1548,-5904.71,-2.72
59,70/300,4.285714,200,857,4.285000,1489,285,1204,0,1464,-70.3282,-15120.56,-10.15
60,70/300,4.285714,170,729,4.288235,1672,321,1351,0,1253,-72.7901,-13466.16,-8.05
61,220/800,3.636364,200,727,3.635000,1507,328,1179,0,1427,-75.3316,-16196.29,-10.75
62,220/800,3.636364,250,909,3.636000,1208,259,949,0,1769,-78.3064,-20751.20,-17.18
63,70/300,4.285714,180,771,4.283333,1617,309,1308,0,1321,-79.5296,-15508.27,-9.59
64,70/300,4.285714,230,986,4.286957,1305,246,1059,0,1686,-81.1427,-19879.96,-15.23
65,70/300,4.285714,210,900,4.285714,1426,269,1157,0,1537,-87.9917,-19798.12,-13.88
66,70/400,5.714286,170,971,5.711765,1635,244,1391,0,1338,-93.4674,-17291.47,-10.58
67,70/300,4.285714,220,943,4.286364,1372,256,1116,0,1607,-99.3645,-23350.66,-17.02
68,70/400,5.714286,150,857,5.713333,1769,264,1505,0,1172,-100.6972,-16615.04,-9.39
69,220/800,3.636364,210,764,3.638095,1445,308,1137,0,1495,-101.4327,-22822.35,-15.79
70,70/400,5.714286,160,914,5.712500,1697,250,1447,0,1261,-118.6586,-20765.26,-12.24
BEST_NET_R,BUY,70/255,net_R=312.6858,entries=2362

SELL NEW SL/TP CANDIDATES (ranked by net_R):
rank,source_sl_tp,source_rr,sl_points,tp_points,actual_rr,entries,wins,losses,open,skipped,net_R,net_points,expectancy_points
1,70/600,8.571429,80,686,8.575000,1442,213,1229,0,452,512.6854,48705.11,33.78
2,70/300,4.285714,80,343,4.287500,1489,392,1097,0,365,496.1468,47133.95,31.65
3,70/400,5.714286,80,457,5.712500,1473,304,1169,0,396,480.9876,45693.82,31.02
4,70/600,8.571429,90,771,8.566667,1407,201,1206,0,501,433.1684,45482.68,32.33
5,70/800,11.428571,80,914,11.425000,1421,155,1266,0,509,421.3202,40025.42,28.17
6,70/400,5.714286,90,514,5.711111,1438,289,1149,0,444,416.9567,43780.45,30.45
7,70/300,4.285714,90,386,4.288889,1450,369,1081,0,411,416.3400,43715.70,30.15
8,220/800,3.636364,70,255,3.642857,1535,439,1096,0,314,412.9563,35101.28,22.87
9,220/800,3.636364,90,327,3.633333,1459,422,1037,0,398,410.4775,43100.13,29.54
10,220/800,3.636364,80,291,3.637500,1492,428,1064,0,361,405.1204,38486.44,25.80
11,70/300,4.285714,100,429,4.290000,1399,349,1050,0,468,364.9488,41969.11,30.00
12,220/800,3.636364,100,364,3.640000,1411,397,1014,0,447,348.1132,40033.02,28.37
13,70/600,8.571429,100,857,8.570000,1356,186,1170,0,577,344.2872,39593.03,29.20
14,70/400,5.714286,100,571,5.710000,1386,269,1117,0,502,337.4932,38811.72,28.00
15,70/400,5.714286,110,629,5.718182,1345,261,1084,0,552,329.3595,41169.93,30.61
16,70/400,5.714286,120,686,5.716667,1293,252,1041,0,606,323.5716,43682.17,33.78
17,70/300,4.285714,110,471,4.281818,1360,331,1029,0,514,308.3138,38539.23,28.34
18,70/300,4.285714,120,514,4.283333,1312,321,991,0,569,306.8044,41418.59,31.57
19,70/400,5.714286,130,743,5.715385,1247,242,1005,0,662,304.7995,44195.92,35.44
20,220/800,3.636364,110,400,3.636364,1368,378,990,0,495,304.1071,38013.38,27.79
21,70/400,5.714286,140,800,5.714286,1206,233,973,0,712,287.5158,44564.94,36.95
22,220/800,3.636364,120,436,3.633333,1317,363,954,0,550,287.4604,38807.15,29.47
23,70/300,4.285714,130,557,4.284615,1268,308,960,0,619,285.1031,41339.96,32.60
24,70/600,8.571429,110,943,8.572727,1313,174,1139,0,641,275.4501,34431.27,26.22
25,220/800,3.636364,140,509,3.635714,1238,337,901,0,644,251.4413,38973.40,31.48
26,220/800,3.636364,130,473,3.638462,1271,344,927,0,602,249.8960,36234.92,28.51
27,70/300,4.285714,140,600,4.285714,1227,292,935,0,664,244.2810,37863.55,30.86
28,70/300,4.285714,150,643,4.286667,1180,279,901,0,721,225.5960,37223.34,31.55
29,220/800,3.636364,150,545,3.633333,1190,318,872,0,699,213.4280,35215.62,29.59
30,70/400,5.714286,160,914,5.712500,1110,206,904,0,845,207.5070,36313.72,32.72
31,70/400,5.714286,150,857,5.713333,1156,212,944,0,774,199.2539,32876.89,28.44
32,220/800,3.636364,160,582,3.637500,1146,304,842,0,753,196.4152,34372.66,29.99
33,220/800,3.636364,180,655,3.638889,1061,283,778,0,854,189.4188,36936.66,34.81
34,70/300,4.285714,170,729,4.288235,1092,254,838,0,830,187.0022,34595.40,31.68
35,70/300,4.285714,160,686,4.287500,1132,262,870,0,781,186.7634,32683.59,28.87
36,70/300,4.285714,180,771,4.283333,1049,243,806,0,880,173.1688,33767.92,32.19
37,220/800,3.636364,170,618,3.635294,1105,288,817,0,800,164.9907,30523.28,27.62
38,70/400,5.714286,170,971,5.711765,1066,189,877,0,904,139.8427,25870.90,24.27
39,220/800,3.636364,200,727,3.635000,992,254,738,0,932,126.9604,27296.49,27.52
40,220/800,3.636364,210,764,3.638095,956,245,711,0,974,124.1205,27927.12,29.21
41,220/800,3.636364,190,691,3.636842,1027,261,766,0,893,122.8282,25179.78,24.52
42,70/300,4.285714,190,814,4.284211,1014,223,791,0,921,104.7557,21474.93,21.18
43,70/300,4.285714,200,857,4.285000,979,214,765,0,958,94.4248,20301.33,20.74
44,70/300,4.285714,210,900,4.285714,944,205,739,0,1011,84.0642,18914.45,20.04
45,270/300,1.111111,290,322,1.110345,727,399,328,0,1156,72.2800,22045.40,30.32
46,270/300,1.111111,300,333,1.110000,691,377,314,0,1190,63.8392,20109.35,29.10
47,270/300,1.111111,370,411,1.110811,417,239,178,0,1467,62.9642,24241.21,58.13
48,270/300,1.111111,280,311,1.110714,758,410,348,0,1124,62.8225,18532.62,24.45
49,220/800,3.636364,230,836,3.634783,890,216,674,0,1042,58.7810,14401.36,16.18
50,270/300,1.111111,330,367,1.112121,571,314,257,0,1307,58.6313,20227.78,35.43
51,270/300,1.111111,350,389,1.111429,501,279,222,0,1379,58.6298,21399.87,42.71
52,270/300,1.111111,320,356,1.112500,612,334,278,0,1268,57.5894,19292.45,31.52
53,270/300,1.111111,340,378,1.111765,541,298,243,0,1340,56.4951,20055.75,37.07
54,270/300,1.111111,360,400,1.111111,458,256,202,0,1423,55.5140,20817.77,45.45
55,270/300,1.111111,260,289,1.111538,829,441,388,0,1044,53.4433,14696.90,17.73
56,270/300,1.111111,310,344,1.109677,662,357,305,0,1218,52.2292,16974.50,25.64
57,220/800,3.636364,240,873,3.637500,856,206,650,0,1081,48.9922,12493.01,14.59
58,220/800,3.636364,270,982,3.637037,756,183,573,0,1208,48.1250,13715.62,18.14
59,70/300,4.285714,220,943,4.286364,914,192,722,0,1044,47.2386,11101.08,12.15
60,270/300,1.111111,250,278,1.112000,866,455,411,0,1007,44.0392,11670.39,13.48
61,220/800,3.636364,250,909,3.636000,819,196,623,0,1131,41.4988,10997.18,13.43
62,270/300,1.111111,200,222,1.110000,1047,543,504,0,811,37.1664,7990.78,7.63
63,270/300,1.111111,240,267,1.112500,907,471,436,0,959,34.6559,8837.25,9.74
64,270/300,1.111111,210,233,1.109524,1012,522,490,0,848,29.6658,6674.81,6.60
65,220/800,3.636364,260,945,3.634615,784,185,599,0,1172,27.3046,7508.78,9.58
66,270/300,1.111111,180,200,1.111111,1108,568,540,0,748,25.9607,5062.34,4.57
67,270/300,1.111111,190,211,1.110526,1077,552,525,0,781,24.6829,5060.00,4.70
68,270/300,1.111111,230,256,1.113043,941,483,458,0,924,24.2692,5945.95,6.32
69,270/300,1.111111,220,244,1.109091,976,500,476,0,886,21.1567,4971.81,5.09
70,70/300,4.285714,230,986,4.286957,879,179,700,0,1089,15.6800,3841.60,4.37
BEST_NET_R,SELL,80/686,net_R=512.6854,entries=1442

